---
source: src/global/project/parsed_manifest.rs
expression: manifest.unwrap_err()
---
Duplicate exposed keys found: 'python, python3'
